[colorlib.com/preview/theme/fashi/index.html]
[backblue.gif]
[fade.gif]
[index.html]
[colorlib.com/preview/theme/fashi/css/bootstrap.min.css]
[colorlib.com/preview/theme/fashi/css/font-awesome.min.css]
[colorlib.com/preview/theme/fashi/css/themify-icons.css]
[colorlib.com/preview/theme/fashi/css/elegant-icons.css]
[colorlib.com/preview/theme/fashi/css/owl.carousel.min.css]
[colorlib.com/preview/theme/fashi/css/nice-select.css]
[colorlib.com/preview/theme/fashi/css/jquery-ui.min.css]
[colorlib.com/preview/theme/fashi/css/slicknav.min.css]
[colorlib.com/preview/theme/fashi/css/style.css]
[colorlib.com/preview/theme/fashi/index-2.html]
[colorlib.com/preview/theme/fashi/img/logo.png]
[colorlib.com/preview/theme/fashi/img/select-product-1.jpg]
[colorlib.com/preview/theme/fashi/img/select-product-2.jpg]
[colorlib.com/preview/theme/fashi/shop.html]
[colorlib.com/preview/theme/fashi/blog.html]
[colorlib.com/preview/theme/fashi/contact.html]
[colorlib.com/preview/theme/fashi/blog-details.html]
[colorlib.com/preview/theme/fashi/shopping-cart.html]
[colorlib.com/preview/theme/fashi/check-out.html]
[colorlib.com/preview/theme/fashi/faq.html]
[colorlib.com/preview/theme/fashi/register.html]
[colorlib.com/preview/theme/fashi/login.html]
[colorlib.com/preview/theme/fashi/img/hero-1.jpg]
[colorlib.com/preview/theme/fashi/img/hero-2.jpg]
[colorlib.com/preview/theme/fashi/img/banner-1.jpg]
[colorlib.com/preview/theme/fashi/img/banner-2.jpg]
[colorlib.com/preview/theme/fashi/img/banner-3.jpg]
[colorlib.com/preview/theme/fashi/img/products/women-large.jpg]
[colorlib.com/preview/theme/fashi/img/products/women-1.jpg]
[colorlib.com/preview/theme/fashi/img/products/women-2.jpg]
[colorlib.com/preview/theme/fashi/img/products/women-3.jpg]
[colorlib.com/preview/theme/fashi/img/products/women-4.jpg]
[colorlib.com/preview/theme/fashi/img/time-bg.jpg]
[colorlib.com/preview/theme/fashi/img/products/man-1.jpg]
[colorlib.com/preview/theme/fashi/img/products/man-2.jpg]
[colorlib.com/preview/theme/fashi/img/products/man-3.jpg]
[colorlib.com/preview/theme/fashi/img/products/man-4.jpg]
[colorlib.com/preview/theme/fashi/img/products/man-large.jpg]
[colorlib.com/preview/theme/fashi/img/insta-1.jpg]
[colorlib.com/preview/theme/fashi/img/insta-2.jpg]
[colorlib.com/preview/theme/fashi/img/insta-3.jpg]
[colorlib.com/preview/theme/fashi/img/insta-4.jpg]
[colorlib.com/preview/theme/fashi/img/insta-5.jpg]
[colorlib.com/preview/theme/fashi/img/insta-6.jpg]
[colorlib.com/preview/theme/fashi/img/latest-1.jpg]
[colorlib.com/preview/theme/fashi/img/latest-2.jpg]
[colorlib.com/preview/theme/fashi/img/latest-3.jpg]
[colorlib.com/preview/theme/fashi/img/icon-1.png]
[colorlib.com/preview/theme/fashi/img/icon-2.png]
[colorlib.com/preview/theme/fashi/img/logo-carousel/logo-1.png]
[colorlib.com/preview/theme/fashi/img/logo-carousel/logo-2.png]
[colorlib.com/preview/theme/fashi/img/logo-carousel/logo-3.png]
[colorlib.com/preview/theme/fashi/img/logo-carousel/logo-4.png]
[colorlib.com/preview/theme/fashi/img/logo-carousel/logo-5.png]
[colorlib.com/preview/theme/fashi/img/footer-logo.png]
[colorlib.com/cdn-cgi/scripts/5c5dd728/cloudflare-static/email-decode.min.js]
[colorlib.com/preview/theme/fashi/img/payment-method.png]
[colorlib.com/preview/theme/fashi/js/jquery-3.3.1.min.js]
[colorlib.com/preview/theme/fashi/js/bootstrap.min.js]
[colorlib.com/preview/theme/fashi/js/jquery-ui.min.js]
[colorlib.com/preview/theme/fashi/js/jquery.countdown.min.js]
[colorlib.com/preview/theme/fashi/js/jquery.nice-select.min.js]
[colorlib.com/preview/theme/fashi/js/jquery.zoom.min.js]
[colorlib.com/preview/theme/fashi/js/jquery.dd.min.js]
[colorlib.com/preview/theme/fashi/js/jquery.slicknav.js]
[colorlib.com/preview/theme/fashi/js/owl.carousel.min.js]
[colorlib.com/preview/theme/fashi/js/main.js]
[colorlib.com/preview/theme/fashi/index.html]
[colorlib.com/preview/theme/fashi/css/bootstrap.min.css]
[ajax.cloudflare.com/cdn-cgi/scripts/7089c43e/cloudflare-static/rocket-loader.min.js]
[colorlib.com/preview/theme/fashi/fonts/fontawesome-webfont3e6e.eot]
[colorlib.com/preview/theme/fashi/fonts/fontawesome-webfontd41d.eot]
[colorlib.com/preview/theme/fashi/fonts/fontawesome-webfont3e6e.woff2]
[colorlib.com/preview/theme/fashi/fonts/fontawesome-webfont3e6e.woff]
[colorlib.com/preview/theme/fashi/fonts/fontawesome-webfont3e6e.ttf]
[colorlib.com/preview/theme/fashi/css/font-awesome.min.css]
[colorlib.com/preview/theme/fashi/fonts/fontawesome-webfont3e6e.svg]
[colorlib.com/preview/theme/fashi/fonts/themify9f24.eot]
[colorlib.com/preview/theme/fashi/fonts/themifyd41d.eot]
[colorlib.com/preview/theme/fashi/fonts/themify9f24.woff]
[colorlib.com/preview/theme/fashi/fonts/themify9f24.ttf]
[colorlib.com/preview/theme/fashi/css/themify-icons.css]
[colorlib.com/preview/theme/fashi/fonts/themify9f24.svg]
[colorlib.com/preview/theme/fashi/fonts/ElegantIcons.eot]
[colorlib.com/preview/theme/fashi/fonts/ElegantIconsd41d.eot]
[colorlib.com/preview/theme/fashi/fonts/ElegantIcons.woff]
[colorlib.com/preview/theme/fashi/fonts/ElegantIcons.ttf]
[colorlib.com/preview/theme/fashi/css/elegant-icons.css]
[colorlib.com/preview/theme/fashi/fonts/ElegantIcons.svg]
[colorlib.com/preview/theme/fashi/css/owl.video.play.png]
[colorlib.com/preview/theme/fashi/css/owl.carousel.min.css]
[colorlib.com/preview/theme/fashi/css/nice-select.css]
[colorlib.com/preview/theme/fashi/css/images/ui-icons_444444_256x240.png]
[colorlib.com/preview/theme/fashi/css/images/ui-icons_555555_256x240.png]
[colorlib.com/preview/theme/fashi/css/images/ui-icons_ffffff_256x240.png]
[colorlib.com/preview/theme/fashi/css/images/ui-icons_777620_256x240.png]
[colorlib.com/preview/theme/fashi/css/images/ui-icons_cc0000_256x240.png]
[colorlib.com/preview/theme/fashi/css/images/ui-icons_777777_256x240.png]
[colorlib.com/preview/theme/fashi/css/jquery-ui.min.css]
[colorlib.com/preview/theme/fashi/css/slicknav.min.css]
[colorlib.com/preview/theme/fashi/css/style.css]
[colorlib.com/preview/theme/fashi/index-2.html]
[colorlib.com/preview/theme/fashi/img/products/product-1.jpg]
[colorlib.com/preview/theme/fashi/img/products/product-2.jpg]
[colorlib.com/preview/theme/fashi/img/products/product-3.jpg]
[colorlib.com/preview/theme/fashi/img/products/product-4.jpg]
[colorlib.com/preview/theme/fashi/img/products/product-5.jpg]
[colorlib.com/preview/theme/fashi/img/products/product-6.jpg]
[colorlib.com/preview/theme/fashi/img/products/product-7.jpg]
[colorlib.com/preview/theme/fashi/img/products/product-8.jpg]
[colorlib.com/preview/theme/fashi/img/products/product-9.jpg]
[colorlib.com/preview/theme/fashi/shop.html]
[colorlib.com/preview/theme/fashi/img/blog/recent-1.jpg]
[colorlib.com/preview/theme/fashi/img/blog/recent-2.jpg]
[colorlib.com/preview/theme/fashi/img/blog/recent-3.jpg]
[colorlib.com/preview/theme/fashi/img/blog/recent-4.jpg]
[colorlib.com/preview/theme/fashi/img/blog/blog-1.jpg]
[colorlib.com/preview/theme/fashi/img/blog/blog-2.jpg]
[colorlib.com/preview/theme/fashi/img/blog/blog-3.jpg]
[colorlib.com/preview/theme/fashi/img/blog/blog-4.jpg]
[colorlib.com/preview/theme/fashi/img/blog/blog-5.jpg]
[colorlib.com/preview/theme/fashi/img/blog/blog-6.jpg]
[colorlib.com/preview/theme/fashi/blog.html]
[colorlib.com/preview/theme/fashi/contact.html]
[colorlib.com/preview/theme/fashi/img/blog/blog-detail.jpg]
[colorlib.com/preview/theme/fashi/img/blog/blog-detail-1.jpg]
[colorlib.com/preview/theme/fashi/img/blog/blog-detail-2.jpg]
[colorlib.com/preview/theme/fashi/img/blog/blog-detail-3.jpg]
[colorlib.com/preview/theme/fashi/img/blog/prev-blog.png]
[colorlib.com/preview/theme/fashi/img/blog/next-blog.png]
[colorlib.com/preview/theme/fashi/img/blog/post-by.png]
[colorlib.com/preview/theme/fashi/blog-details.html]
[colorlib.com/preview/theme/fashi/home.html]
[colorlib.com/preview/theme/fashi/img/cart-page/product-1.jpg]
[colorlib.com/preview/theme/fashi/img/cart-page/product-2.jpg]
[colorlib.com/preview/theme/fashi/img/cart-page/product-3.jpg]
[colorlib.com/preview/theme/fashi/shopping-cart.html]
[colorlib.com/preview/theme/fashi/check-out.html]
[colorlib.com/preview/theme/fashi/faq.html]
[colorlib.com/preview/theme/fashi/register.html]
[colorlib.com/preview/theme/fashi/login.html]
[colorlib.com/preview/theme/fashi/fonts/fontawesome-webfont3e6e.svg]
[colorlib.com/preview/theme/fashi/fonts/themify9f24.svg]
[colorlib.com/preview/theme/fashi/fonts/ElegantIcons.svg]
[colorlib.com/preview/theme/fashi/css/owl.video.play.html]
[colorlib.com/preview/theme/fashi/css/images/ui-icons_444444_256x240.html]
[colorlib.com/preview/theme/fashi/css/images/ui-icons_555555_256x240.html]
[colorlib.com/preview/theme/fashi/css/images/ui-icons_ffffff_256x240.html]
[colorlib.com/preview/theme/fashi/css/images/ui-icons_777620_256x240.html]
[colorlib.com/preview/theme/fashi/css/images/ui-icons_cc0000_256x240.html]
[colorlib.com/preview/theme/fashi/css/images/ui-icons_777777_256x240.html]
[colorlib.com/preview/theme/fashi/home.html]
